[    1117ms] [INFO] %cDownload the React DevTools for a better development experience: https://react.dev/link/react-devtools font-weight:bold @ http://localhost:5437/_next/static/chunks/node_modules_next_dist_1e8vcs8._.js:776
[    1279ms] [LOG] [HMR] connected @ http://localhost:5437/_next/static/chunks/node_modules_next_dist_1e8vcs8._.js:776
[    1854ms] [LOG] [Fast Refresh] rebuilding @ http://localhost:5437/_next/static/chunks/node_modules_next_dist_1e8vcs8._.js:776
[    2032ms] [LOG] [Fast Refresh] done in 296ms @ http://localhost:5437/_next/static/chunks/node_modules_next_dist_1e8vcs8._.js:776
[    2239ms] [LOG] %c[Vercel Web Analytics]%c Debug mode is enabled by default in development. No requests will be sent to the server. color: rgb(120, 120, 120) color: inherit @ http://localhost:5437/_next/static/chunks/node_modules_next_dist_1e8vcs8._.js:776
[    2240ms] [LOG] %c[Vercel Web Analytics]%c [view] http://localhost:5437/ color: rgb(120, 120, 120) color: inherit {o: http://localhost:5437/, sv: 0.1.3, sdkn: @vercel/analytics/react, sdkv: 2.0.1, ts: 1790024025580} /_vercel/insights/view @ http://localhost:5437/_next/static/chunks/node_modules_next_dist_1e8vcs8._.js:776
[   20628ms] [LOG] [Fast Refresh] rebuilding @ http://localhost:5437/_next/static/chunks/node_modules_next_dist_1e8vcs8._.js:776
[   20785ms] [LOG] [Fast Refresh] done in 268ms @ http://localhost:5437/_next/static/chunks/node_modules_next_dist_1e8vcs8._.js:776
[   43479ms] [LOG] [Fast Refresh] rebuilding @ http://localhost:5437/_next/static/chunks/node_modules_next_dist_1e8vcs8._.js:776
[   43580ms] [LOG] [Fast Refresh] done in 203ms @ http://localhost:5437/_next/static/chunks/node_modules_next_dist_1e8vcs8._.js:776
[   61764ms] [LOG] [Fast Refresh] rebuilding @ http://localhost:5437/_next/static/chunks/node_modules_next_dist_1e8vcs8._.js:776
[   61897ms] [LOG] [Fast Refresh] done in 187ms @ http://localhost:5437/_next/static/chunks/node_modules_next_dist_1e8vcs8._.js:776
[   61954ms] [LOG] [Fast Refresh] done in 187ms @ http://localhost:5437/_next/static/chunks/node_modules_next_dist_1e8vcs8._.js:776
[   62016ms] [LOG] [Fast Refresh] done in 187ms @ http://localhost:5437/_next/static/chunks/node_modules_next_dist_1e8vcs8._.js:776
[   62080ms] [LOG] [Fast Refresh] done in 187ms @ http://localhost:5437/_next/static/chunks/node_modules_next_dist_1e8vcs8._.js:776
[   62146ms] [LOG] [Fast Refresh] done in 187ms @ http://localhost:5437/_next/static/chunks/node_modules_next_dist_1e8vcs8._.js:776
[   62206ms] [LOG] [Fast Refresh] done in 187ms @ http://localhost:5437/_next/static/chunks/node_modules_next_dist_1e8vcs8._.js:776
[   62268ms] [LOG] [Fast Refresh] done in 187ms @ http://localhost:5437/_next/static/chunks/node_modules_next_dist_1e8vcs8._.js:776
[   62332ms] [LOG] [Fast Refresh] done in 187ms @ http://localhost:5437/_next/static/chunks/node_modules_next_dist_1e8vcs8._.js:776
[   62395ms] [LOG] [Fast Refresh] done in 187ms @ http://localhost:5437/_next/static/chunks/node_modules_next_dist_1e8vcs8._.js:776
[   62462ms] [LOG] [Fast Refresh] done in 187ms @ http://localhost:5437/_next/static/chunks/node_modules_next_dist_1e8vcs8._.js:776
[   62529ms] [LOG] [Fast Refresh] done in 187ms @ http://localhost:5437/_next/static/chunks/node_modules_next_dist_1e8vcs8._.js:776
[   62585ms] [LOG] [Fast Refresh] done in 187ms @ http://localhost:5437/_next/static/chunks/node_modules_next_dist_1e8vcs8._.js:776
[   62632ms] [LOG] [Fast Refresh] done in 187ms @ http://localhost:5437/_next/static/chunks/node_modules_next_dist_1e8vcs8._.js:776
[   62695ms] [LOG] [Fast Refresh] done in 187ms @ http://localhost:5437/_next/static/chunks/node_modules_next_dist_1e8vcs8._.js:776
[   62763ms] [LOG] [Fast Refresh] done in 187ms @ http://localhost:5437/_next/static/chunks/node_modules_next_dist_1e8vcs8._.js:776
[   62829ms] [LOG] [Fast Refresh] done in 187ms @ http://localhost:5437/_next/static/chunks/node_modules_next_dist_1e8vcs8._.js:776
[   62887ms] [LOG] [Fast Refresh] done in 187ms @ http://localhost:5437/_next/static/chunks/node_modules_next_dist_1e8vcs8._.js:776
[   62949ms] [LOG] [Fast Refresh] done in 187ms @ http://localhost:5437/_next/static/chunks/node_modules_next_dist_1e8vcs8._.js:776
[   63013ms] [LOG] [Fast Refresh] done in 187ms @ http://localhost:5437/_next/static/chunks/node_modules_next_dist_1e8vcs8._.js:776
[   63080ms] [LOG] [Fast Refresh] done in 187ms @ http://localhost:5437/_next/static/chunks/node_modules_next_dist_1e8vcs8._.js:776
[   63136ms] [LOG] [Fast Refresh] done in 187ms @ http://localhost:5437/_next/static/chunks/node_modules_next_dist_1e8vcs8._.js:776
[   63198ms] [LOG] [Fast Refresh] done in 187ms @ http://localhost:5437/_next/static/chunks/node_modules_next_dist_1e8vcs8._.js:776
[   63263ms] [LOG] [Fast Refresh] done in 187ms @ http://localhost:5437/_next/static/chunks/node_modules_next_dist_1e8vcs8._.js:776
[   63329ms] [LOG] [Fast Refresh] done in 187ms @ http://localhost:5437/_next/static/chunks/node_modules_next_dist_1e8vcs8._.js:776
[   63386ms] [LOG] [Fast Refresh] done in 187ms @ http://localhost:5437/_next/static/chunks/node_modules_next_dist_1e8vcs8._.js:776
[   63449ms] [LOG] [Fast Refresh] done in 187ms @ http://localhost:5437/_next/static/chunks/node_modules_next_dist_1e8vcs8._.js:776
[   63512ms] [LOG] [Fast Refresh] done in 187ms @ http://localhost:5437/_next/static/chunks/node_modules_next_dist_1e8vcs8._.js:776
[   63579ms] [LOG] [Fast Refresh] done in 187ms @ http://localhost:5437/_next/static/chunks/node_modules_next_dist_1e8vcs8._.js:776
[   63637ms] [LOG] [Fast Refresh] done in 187ms @ http://localhost:5437/_next/static/chunks/node_modules_next_dist_1e8vcs8._.js:776
[   63701ms] [LOG] [Fast Refresh] done in 187ms @ http://localhost:5437/_next/static/chunks/node_modules_next_dist_1e8vcs8._.js:776
[   63764ms] [LOG] [Fast Refresh] done in 187ms @ http://localhost:5437/_next/static/chunks/node_modules_next_dist_1e8vcs8._.js:776
[   63829ms] [LOG] [Fast Refresh] done in 187ms @ http://localhost:5437/_next/static/chunks/node_modules_next_dist_1e8vcs8._.js:776
[   63897ms] [LOG] [Fast Refresh] done in 187ms @ http://localhost:5437/_next/static/chunks/node_modules_next_dist_1e8vcs8._.js:776
[   63953ms] [LOG] [Fast Refresh] done in 187ms @ http://localhost:5437/_next/static/chunks/node_modules_next_dist_1e8vcs8._.js:776
[   64001ms] [LOG] [Fast Refresh] done in 187ms @ http://localhost:5437/_next/static/chunks/node_modules_next_dist_1e8vcs8._.js:776
[   64063ms] [LOG] [Fast Refresh] done in 187ms @ http://localhost:5437/_next/static/chunks/node_modules_next_dist_1e8vcs8._.js:776
[   64112ms] [LOG] [Fast Refresh] done in 187ms @ http://localhost:5437/_next/static/chunks/node_modules_next_dist_1e8vcs8._.js:776
[   64171ms] [LOG] [Fast Refresh] done in 187ms @ http://localhost:5437/_next/static/chunks/node_modules_next_dist_1e8vcs8._.js:776
[   64234ms] [LOG] [Fast Refresh] done in 187ms @ http://localhost:5437/_next/static/chunks/node_modules_next_dist_1e8vcs8._.js:776
[   64297ms] [LOG] [Fast Refresh] done in 187ms @ http://localhost:5437/_next/static/chunks/node_modules_next_dist_1e8vcs8._.js:776
[   64363ms] [LOG] [Fast Refresh] done in 187ms @ http://localhost:5437/_next/static/chunks/node_modules_next_dist_1e8vcs8._.js:776
[   64429ms] [LOG] [Fast Refresh] done in 187ms @ http://localhost:5437/_next/static/chunks/node_modules_next_dist_1e8vcs8._.js:776
[   64486ms] [LOG] [Fast Refresh] done in 187ms @ http://localhost:5437/_next/static/chunks/node_modules_next_dist_1e8vcs8._.js:776
[   64549ms] [LOG] [Fast Refresh] done in 187ms @ http://localhost:5437/_next/static/chunks/node_modules_next_dist_1e8vcs8._.js:776
[   64612ms] [LOG] [Fast Refresh] done in 187ms @ http://localhost:5437/_next/static/chunks/node_modules_next_dist_1e8vcs8._.js:776
[   64679ms] [LOG] [Fast Refresh] done in 187ms @ http://localhost:5437/_next/static/chunks/node_modules_next_dist_1e8vcs8._.js:776
[   64737ms] [LOG] [Fast Refresh] done in 187ms @ http://localhost:5437/_next/static/chunks/node_modules_next_dist_1e8vcs8._.js:776
[   64784ms] [LOG] [Fast Refresh] done in 187ms @ http://localhost:5437/_next/static/chunks/node_modules_next_dist_1e8vcs8._.js:776
[   64832ms] [LOG] [Fast Refresh] done in 187ms @ http://localhost:5437/_next/static/chunks/node_modules_next_dist_1e8vcs8._.js:776
[   64895ms] [LOG] [Fast Refresh] done in 187ms @ http://localhost:5437/_next/static/chunks/node_modules_next_dist_1e8vcs8._.js:776
[   64963ms] [LOG] [Fast Refresh] done in 187ms @ http://localhost:5437/_next/static/chunks/node_modules_next_dist_1e8vcs8._.js:776
[   65029ms] [LOG] [Fast Refresh] done in 187ms @ http://localhost:5437/_next/static/chunks/node_modules_next_dist_1e8vcs8._.js:776
[   65085ms] [LOG] [Fast Refresh] done in 187ms @ http://localhost:5437/_next/static/chunks/node_modules_next_dist_1e8vcs8._.js:776
[   65132ms] [LOG] [Fast Refresh] done in 187ms @ http://localhost:5437/_next/static/chunks/node_modules_next_dist_1e8vcs8._.js:776
[   65196ms] [LOG] [Fast Refresh] done in 187ms @ http://localhost:5437/_next/static/chunks/node_modules_next_dist_1e8vcs8._.js:776
[   65264ms] [LOG] [Fast Refresh] done in 187ms @ http://localhost:5437/_next/static/chunks/node_modules_next_dist_1e8vcs8._.js:776
[   65321ms] [LOG] [Fast Refresh] done in 187ms @ http://localhost:5437/_next/static/chunks/node_modules_next_dist_1e8vcs8._.js:776
[   65368ms] [LOG] [Fast Refresh] done in 187ms @ http://localhost:5437/_next/static/chunks/node_modules_next_dist_1e8vcs8._.js:776
[   65416ms] [LOG] [Fast Refresh] done in 187ms @ http://localhost:5437/_next/static/chunks/node_modules_next_dist_1e8vcs8._.js:776
[   65479ms] [LOG] [Fast Refresh] done in 187ms @ http://localhost:5437/_next/static/chunks/node_modules_next_dist_1e8vcs8._.js:776
[   65544ms] [LOG] [Fast Refresh] done in 187ms @ http://localhost:5437/_next/static/chunks/node_modules_next_dist_1e8vcs8._.js:776
[   65602ms] [LOG] [Fast Refresh] done in 187ms @ http://localhost:5437/_next/static/chunks/node_modules_next_dist_1e8vcs8._.js:776
[   65664ms] [LOG] [Fast Refresh] done in 187ms @ http://localhost:5437/_next/static/chunks/node_modules_next_dist_1e8vcs8._.js:776
[   65727ms] [LOG] [Fast Refresh] done in 187ms @ http://localhost:5437/_next/static/chunks/node_modules_next_dist_1e8vcs8._.js:776
[   65794ms] [LOG] [Fast Refresh] done in 187ms @ http://localhost:5437/_next/static/chunks/node_modules_next_dist_1e8vcs8._.js:776
[   65852ms] [LOG] [Fast Refresh] done in 187ms @ http://localhost:5437/_next/static/chunks/node_modules_next_dist_1e8vcs8._.js:776
[   65915ms] [LOG] [Fast Refresh] done in 187ms @ http://localhost:5437/_next/static/chunks/node_modules_next_dist_1e8vcs8._.js:776
[   65979ms] [LOG] [Fast Refresh] done in 187ms @ http://localhost:5437/_next/static/chunks/node_modules_next_dist_1e8vcs8._.js:776
[   66045ms] [LOG] [Fast Refresh] done in 187ms @ http://localhost:5437/_next/static/chunks/node_modules_next_dist_1e8vcs8._.js:776
[   66103ms] [LOG] [Fast Refresh] done in 187ms @ http://localhost:5437/_next/static/chunks/node_modules_next_dist_1e8vcs8._.js:776
[   66164ms] [LOG] [Fast Refresh] done in 187ms @ http://localhost:5437/_next/static/chunks/node_modules_next_dist_1e8vcs8._.js:776
[   66227ms] [LOG] [Fast Refresh] done in 187ms @ http://localhost:5437/_next/static/chunks/node_modules_next_dist_1e8vcs8._.js:776
[   66294ms] [LOG] [Fast Refresh] done in 187ms @ http://localhost:5437/_next/static/chunks/node_modules_next_dist_1e8vcs8._.js:776
[   66351ms] [LOG] [Fast Refresh] done in 187ms @ http://localhost:5437/_next/static/chunks/node_modules_next_dist_1e8vcs8._.js:776
[   66415ms] [LOG] [Fast Refresh] done in 187ms @ http://localhost:5437/_next/static/chunks/node_modules_next_dist_1e8vcs8._.js:776
[   66478ms] [LOG] [Fast Refresh] done in 187ms @ http://localhost:5437/_next/static/chunks/node_modules_next_dist_1e8vcs8._.js:776
[   66545ms] [LOG] [Fast Refresh] done in 187ms @ http://localhost:5437/_next/static/chunks/node_modules_next_dist_1e8vcs8._.js:776
[   66604ms] [LOG] [Fast Refresh] done in 187ms @ http://localhost:5437/_next/static/chunks/node_modules_next_dist_1e8vcs8._.js:776
[   66668ms] [LOG] [Fast Refresh] done in 187ms @ http://localhost:5437/_next/static/chunks/node_modules_next_dist_1e8vcs8._.js:776
[   66729ms] [LOG] [Fast Refresh] done in 187ms @ http://localhost:5437/_next/static/chunks/node_modules_next_dist_1e8vcs8._.js:776
[   66795ms] [LOG] [Fast Refresh] done in 187ms @ http://localhost:5437/_next/static/chunks/node_modules_next_dist_1e8vcs8._.js:776
[   66854ms] [LOG] [Fast Refresh] done in 187ms @ http://localhost:5437/_next/static/chunks/node_modules_next_dist_1e8vcs8._.js:776
[   66916ms] [LOG] [Fast Refresh] done in 187ms @ http://localhost:5437/_next/static/chunks/node_modules_next_dist_1e8vcs8._.js:776
[   66980ms] [LOG] [Fast Refresh] done in 187ms @ http://localhost:5437/_next/static/chunks/node_modules_next_dist_1e8vcs8._.js:776
[   67045ms] [LOG] [Fast Refresh] done in 187ms @ http://localhost:5437/_next/static/chunks/node_modules_next_dist_1e8vcs8._.js:776
[   67110ms] [LOG] [Fast Refresh] done in 187ms @ http://localhost:5437/_next/static/chunks/node_modules_next_dist_1e8vcs8._.js:776
[   67170ms] [LOG] [Fast Refresh] done in 187ms @ http://localhost:5437/_next/static/chunks/node_modules_next_dist_1e8vcs8._.js:776
[   67233ms] [LOG] [Fast Refresh] done in 187ms @ http://localhost:5437/_next/static/chunks/node_modules_next_dist_1e8vcs8._.js:776
[   67297ms] [LOG] [Fast Refresh] done in 187ms @ http://localhost:5437/_next/static/chunks/node_modules_next_dist_1e8vcs8._.js:776
[   67365ms] [LOG] [Fast Refresh] done in 187ms @ http://localhost:5437/_next/static/chunks/node_modules_next_dist_1e8vcs8._.js:776
[   67429ms] [LOG] [Fast Refresh] done in 187ms @ http://localhost:5437/_next/static/chunks/node_modules_next_dist_1e8vcs8._.js:776
[   67486ms] [LOG] [Fast Refresh] done in 187ms @ http://localhost:5437/_next/static/chunks/node_modules_next_dist_1e8vcs8._.js:776
[   67550ms] [LOG] [Fast Refresh] done in 187ms @ http://localhost:5437/_next/static/chunks/node_modules_next_dist_1e8vcs8._.js:776
[   67614ms] [LOG] [Fast Refresh] done in 187ms @ http://localhost:5437/_next/static/chunks/node_modules_next_dist_1e8vcs8._.js:776
[   67679ms] [LOG] [Fast Refresh] done in 187ms @ http://localhost:5437/_next/static/chunks/node_modules_next_dist_1e8vcs8._.js:776
[   67745ms] [LOG] [Fast Refresh] done in 187ms @ http://localhost:5437/_next/static/chunks/node_modules_next_dist_1e8vcs8._.js:776
[   67803ms] [LOG] [Fast Refresh] done in 187ms @ http://localhost:5437/_next/static/chunks/node_modules_next_dist_1e8vcs8._.js:776
[   67865ms] [LOG] [Fast Refresh] done in 187ms @ http://localhost:5437/_next/static/chunks/node_modules_next_dist_1e8vcs8._.js:776
[   67928ms] [LOG] [Fast Refresh] done in 187ms @ http://localhost:5437/_next/static/chunks/node_modules_next_dist_1e8vcs8._.js:776
[   67995ms] [LOG] [Fast Refresh] done in 187ms @ http://localhost:5437/_next/static/chunks/node_modules_next_dist_1e8vcs8._.js:776
[   68054ms] [LOG] [Fast Refresh] done in 187ms @ http://localhost:5437/_next/static/chunks/node_modules_next_dist_1e8vcs8._.js:776
[   68116ms] [LOG] [Fast Refresh] done in 187ms @ http://localhost:5437/_next/static/chunks/node_modules_next_dist_1e8vcs8._.js:776
[   68178ms] [LOG] [Fast Refresh] done in 187ms @ http://localhost:5437/_next/static/chunks/node_modules_next_dist_1e8vcs8._.js:776
[   68244ms] [LOG] [Fast Refresh] done in 187ms @ http://localhost:5437/_next/static/chunks/node_modules_next_dist_1e8vcs8._.js:776
[   68306ms] [LOG] [Fast Refresh] done in 187ms @ http://localhost:5437/_next/static/chunks/node_modules_next_dist_1e8vcs8._.js:776
[   68364ms] [LOG] [Fast Refresh] done in 187ms @ http://localhost:5437/_next/static/chunks/node_modules_next_dist_1e8vcs8._.js:776
[   68412ms] [LOG] [Fast Refresh] done in 187ms @ http://localhost:5437/_next/static/chunks/node_modules_next_dist_1e8vcs8._.js:776
[   68478ms] [LOG] [Fast Refresh] done in 187ms @ http://localhost:5437/_next/static/chunks/node_modules_next_dist_1e8vcs8._.js:776
[   68537ms] [LOG] [Fast Refresh] done in 187ms @ http://localhost:5437/_next/static/chunks/node_modules_next_dist_1e8vcs8._.js:776
[   68600ms] [LOG] [Fast Refresh] done in 187ms @ http://localhost:5437/_next/static/chunks/node_modules_next_dist_1e8vcs8._.js:776
[   68663ms] [LOG] [Fast Refresh] done in 187ms @ http://localhost:5437/_next/static/chunks/node_modules_next_dist_1e8vcs8._.js:776
[   68727ms] [LOG] [Fast Refresh] done in 187ms @ http://localhost:5437/_next/static/chunks/node_modules_next_dist_1e8vcs8._.js:776
[   68788ms] [LOG] [Fast Refresh] done in 187ms @ http://localhost:5437/_next/static/chunks/node_modules_next_dist_1e8vcs8._.js:776
[   68851ms] [LOG] [Fast Refresh] done in 187ms @ http://localhost:5437/_next/static/chunks/node_modules_next_dist_1e8vcs8._.js:776
[   68915ms] [LOG] [Fast Refresh] done in 187ms @ http://localhost:5437/_next/static/chunks/node_modules_next_dist_1e8vcs8._.js:776
[   68978ms] [LOG] [Fast Refresh] done in 187ms @ http://localhost:5437/_next/static/chunks/node_modules_next_dist_1e8vcs8._.js:776
[   69045ms] [LOG] [Fast Refresh] done in 187ms @ http://localhost:5437/_next/static/chunks/node_modules_next_dist_1e8vcs8._.js:776
[   69101ms] [LOG] [Fast Refresh] done in 187ms @ http://localhost:5437/_next/static/chunks/node_modules_next_dist_1e8vcs8._.js:776
[   69163ms] [LOG] [Fast Refresh] done in 187ms @ http://localhost:5437/_next/static/chunks/node_modules_next_dist_1e8vcs8._.js:776
[   69228ms] [LOG] [Fast Refresh] done in 187ms @ http://localhost:5437/_next/static/chunks/node_modules_next_dist_1e8vcs8._.js:776
[   69287ms] [LOG] [Fast Refresh] done in 187ms @ http://localhost:5437/_next/static/chunks/node_modules_next_dist_1e8vcs8._.js:776
[   69349ms] [LOG] [Fast Refresh] done in 187ms @ http://localhost:5437/_next/static/chunks/node_modules_next_dist_1e8vcs8._.js:776
[   69397ms] [LOG] [Fast Refresh] done in 187ms @ http://localhost:5437/_next/static/chunks/node_modules_next_dist_1e8vcs8._.js:776
[   69461ms] [LOG] [Fast Refresh] done in 187ms @ http://localhost:5437/_next/static/chunks/node_modules_next_dist_1e8vcs8._.js:776
[   69528ms] [LOG] [Fast Refresh] done in 187ms @ http://localhost:5437/_next/static/chunks/node_modules_next_dist_1e8vcs8._.js:776
[   69585ms] [LOG] [Fast Refresh] done in 187ms @ http://localhost:5437/_next/static/chunks/node_modules_next_dist_1e8vcs8._.js:776
[   69648ms] [LOG] [Fast Refresh] done in 187ms @ http://localhost:5437/_next/static/chunks/node_modules_next_dist_1e8vcs8._.js:776
[   69711ms] [LOG] [Fast Refresh] done in 187ms @ http://localhost:5437/_next/static/chunks/node_modules_next_dist_1e8vcs8._.js:776
[   69778ms] [LOG] [Fast Refresh] done in 187ms @ http://localhost:5437/_next/static/chunks/node_modules_next_dist_1e8vcs8._.js:776
[   69836ms] [LOG] [Fast Refresh] done in 187ms @ http://localhost:5437/_next/static/chunks/node_modules_next_dist_1e8vcs8._.js:776
[   69897ms] [LOG] [Fast Refresh] done in 187ms @ http://localhost:5437/_next/static/chunks/node_modules_next_dist_1e8vcs8._.js:776
[   69961ms] [LOG] [Fast Refresh] done in 187ms @ http://localhost:5437/_next/static/chunks/node_modules_next_dist_1e8vcs8._.js:776
[   70022ms] [LOG] [Fast Refresh] done in 187ms @ http://localhost:5437/_next/static/chunks/node_modules_next_dist_1e8vcs8._.js:776
[   70070ms] [LOG] [Fast Refresh] done in 187ms @ http://localhost:5437/_next/static/chunks/node_modules_next_dist_1e8vcs8._.js:776
[   70133ms] [LOG] [Fast Refresh] done in 187ms @ http://localhost:5437/_next/static/chunks/node_modules_next_dist_1e8vcs8._.js:776
[   70196ms] [LOG] [Fast Refresh] done in 187ms @ http://localhost:5437/_next/static/chunks/node_modules_next_dist_1e8vcs8._.js:776
[   70261ms] [LOG] [Fast Refresh] done in 187ms @ http://localhost:5437/_next/static/chunks/node_modules_next_dist_1e8vcs8._.js:776
[   70322ms] [LOG] [Fast Refresh] done in 187ms @ http://localhost:5437/_next/static/chunks/node_modules_next_dist_1e8vcs8._.js:776
[   70384ms] [LOG] [Fast Refresh] done in 187ms @ http://localhost:5437/_next/static/chunks/node_modules_next_dist_1e8vcs8._.js:776
[   70445ms] [LOG] [Fast Refresh] done in 187ms @ http://localhost:5437/_next/static/chunks/node_modules_next_dist_1e8vcs8._.js:776
[   70511ms] [LOG] [Fast Refresh] done in 187ms @ http://localhost:5437/_next/static/chunks/node_modules_next_dist_1e8vcs8._.js:776
[   70571ms] [LOG] [Fast Refresh] done in 187ms @ http://localhost:5437/_next/static/chunks/node_modules_next_dist_1e8vcs8._.js:776
[   70634ms] [LOG] [Fast Refresh] done in 187ms @ http://localhost:5437/_next/static/chunks/node_modules_next_dist_1e8vcs8._.js:776
[   70697ms] [LOG] [Fast Refresh] done in 187ms @ http://localhost:5437/_next/static/chunks/node_modules_next_dist_1e8vcs8._.js:776
[   70762ms] [LOG] [Fast Refresh] done in 187ms @ http://localhost:5437/_next/static/chunks/node_modules_next_dist_1e8vcs8._.js:776
[   70822ms] [LOG] [Fast Refresh] done in 187ms @ http://localhost:5437/_next/static/chunks/node_modules_next_dist_1e8vcs8._.js:776
[   70885ms] [LOG] [Fast Refresh] done in 187ms @ http://localhost:5437/_next/static/chunks/node_modules_next_dist_1e8vcs8._.js:776
[   70933ms] [LOG] [Fast Refresh] done in 187ms @ http://localhost:5437/_next/static/chunks/node_modules_next_dist_1e8vcs8._.js:776
[   70996ms] [LOG] [Fast Refresh] done in 187ms @ http://localhost:5437/_next/static/chunks/node_modules_next_dist_1e8vcs8._.js:776
[   71061ms] [LOG] [Fast Refresh] done in 187ms @ http://localhost:5437/_next/static/chunks/node_modules_next_dist_1e8vcs8._.js:776
[   71121ms] [LOG] [Fast Refresh] done in 187ms @ http://localhost:5437/_next/static/chunks/node_modules_next_dist_1e8vcs8._.js:776
[   71182ms] [LOG] [Fast Refresh] done in 187ms @ http://localhost:5437/_next/static/chunks/node_modules_next_dist_1e8vcs8._.js:776
[   71230ms] [LOG] [Fast Refresh] done in 187ms @ http://localhost:5437/_next/static/chunks/node_modules_next_dist_1e8vcs8._.js:776
[   71296ms] [LOG] [Fast Refresh] done in 187ms @ http://localhost:5437/_next/static/chunks/node_modules_next_dist_1e8vcs8._.js:776
[   71355ms] [LOG] [Fast Refresh] done in 187ms @ http://localhost:5437/_next/static/chunks/node_modules_next_dist_1e8vcs8._.js:776
[   71418ms] [LOG] [Fast Refresh] done in 187ms @ http://localhost:5437/_next/static/chunks/node_modules_next_dist_1e8vcs8._.js:776
[   71481ms] [LOG] [Fast Refresh] done in 187ms @ http://localhost:5437/_next/static/chunks/node_modules_next_dist_1e8vcs8._.js:776
[   71544ms] [LOG] [Fast Refresh] done in 187ms @ http://localhost:5437/_next/static/chunks/node_modules_next_dist_1e8vcs8._.js:776
[   71611ms] [LOG] [Fast Refresh] done in 187ms @ http://localhost:5437/_next/static/chunks/node_modules_next_dist_1e8vcs8._.js:776
[   71669ms] [LOG] [Fast Refresh] done in 187ms @ http://localhost:5437/_next/static/chunks/node_modules_next_dist_1e8vcs8._.js:776
[   71732ms] [LOG] [Fast Refresh] done in 187ms @ http://localhost:5437/_next/static/chunks/node_modules_next_dist_1e8vcs8._.js:776
[   71795ms] [LOG] [Fast Refresh] done in 187ms @ http://localhost:5437/_next/static/chunks/node_modules_next_dist_1e8vcs8._.js:776
[   71861ms] [LOG] [Fast Refresh] done in 187ms @ http://localhost:5437/_next/static/chunks/node_modules_next_dist_1e8vcs8._.js:776
[   71923ms] [LOG] [Fast Refresh] done in 187ms @ http://localhost:5437/_next/static/chunks/node_modules_next_dist_1e8vcs8._.js:776
[   71985ms] [LOG] [Fast Refresh] done in 187ms @ http://localhost:5437/_next/static/chunks/node_modules_next_dist_1e8vcs8._.js:776
[   72050ms] [LOG] [Fast Refresh] done in 187ms @ http://localhost:5437/_next/static/chunks/node_modules_next_dist_1e8vcs8._.js:776
[   72112ms] [LOG] [Fast Refresh] done in 187ms @ http://localhost:5437/_next/static/chunks/node_modules_next_dist_1e8vcs8._.js:776
[   72179ms] [LOG] [Fast Refresh] done in 187ms @ http://localhost:5437/_next/static/chunks/node_modules_next_dist_1e8vcs8._.js:776
[   72237ms] [LOG] [Fast Refresh] done in 187ms @ http://localhost:5437/_next/static/chunks/node_modules_next_dist_1e8vcs8._.js:776
[   72301ms] [LOG] [Fast Refresh] done in 187ms @ http://localhost:5437/_next/static/chunks/node_modules_next_dist_1e8vcs8._.js:776
[   72364ms] [LOG] [Fast Refresh] done in 187ms @ http://localhost:5437/_next/static/chunks/node_modules_next_dist_1e8vcs8._.js:776
[   72428ms] [LOG] [Fast Refresh] done in 187ms @ http://localhost:5437/_next/static/chunks/node_modules_next_dist_1e8vcs8._.js:776
[   72495ms] [LOG] [Fast Refresh] done in 187ms @ http://localhost:5437/_next/static/chunks/node_modules_next_dist_1e8vcs8._.js:776
[   72554ms] [LOG] [Fast Refresh] done in 187ms @ http://localhost:5437/_next/static/chunks/node_modules_next_dist_1e8vcs8._.js:776
[   72618ms] [LOG] [Fast Refresh] done in 187ms @ http://localhost:5437/_next/static/chunks/node_modules_next_dist_1e8vcs8._.js:776
[   72682ms] [LOG] [Fast Refresh] done in 187ms @ http://localhost:5437/_next/static/chunks/node_modules_next_dist_1e8vcs8._.js:776
[   72745ms] [LOG] [Fast Refresh] done in 187ms @ http://localhost:5437/_next/static/chunks/node_modules_next_dist_1e8vcs8._.js:776
[   72812ms] [LOG] [Fast Refresh] done in 187ms @ http://localhost:5437/_next/static/chunks/node_modules_next_dist_1e8vcs8._.js:776
[   72879ms] [LOG] [Fast Refresh] done in 187ms @ http://localhost:5437/_next/static/chunks/node_modules_next_dist_1e8vcs8._.js:776
[   72934ms] [LOG] [Fast Refresh] done in 187ms @ http://localhost:5437/_next/static/chunks/node_modules_next_dist_1e8vcs8._.js:776
[   72998ms] [LOG] [Fast Refresh] done in 187ms @ http://localhost:5437/_next/static/chunks/node_modules_next_dist_1e8vcs8._.js:776
[   73062ms] [LOG] [Fast Refresh] done in 187ms @ http://localhost:5437/_next/static/chunks/node_modules_next_dist_1e8vcs8._.js:776
[   73128ms] [LOG] [Fast Refresh] done in 187ms @ http://localhost:5437/_next/static/chunks/node_modules_next_dist_1e8vcs8._.js:776
[   73187ms] [LOG] [Fast Refresh] done in 187ms @ http://localhost:5437/_next/static/chunks/node_modules_next_dist_1e8vcs8._.js:776
[   73250ms] [LOG] [Fast Refresh] done in 187ms @ http://localhost:5437/_next/static/chunks/node_modules_next_dist_1e8vcs8._.js:776
[   73315ms] [LOG] [Fast Refresh] done in 187ms @ http://localhost:5437/_next/static/chunks/node_modules_next_dist_1e8vcs8._.js:776
[   73379ms] [LOG] [Fast Refresh] done in 187ms @ http://localhost:5437/_next/static/chunks/node_modules_next_dist_1e8vcs8._.js:776
[   73429ms] [LOG] [Fast Refresh] done in 187ms @ http://localhost:5437/_next/static/chunks/node_modules_next_dist_1e8vcs8._.js:776
[   73495ms] [LOG] [Fast Refresh] done in 187ms @ http://localhost:5437/_next/static/chunks/node_modules_next_dist_1e8vcs8._.js:776
[   73536ms] [LOG] [Fast Refresh] done in 187ms @ http://localhost:5437/_next/static/chunks/node_modules_next_dist_1e8vcs8._.js:776
[   73599ms] [LOG] [Fast Refresh] done in 187ms @ http://localhost:5437/_next/static/chunks/node_modules_next_dist_1e8vcs8._.js:776
[   73662ms] [LOG] [Fast Refresh] done in 187ms @ http://localhost:5437/_next/static/chunks/node_modules_next_dist_1e8vcs8._.js:776
[   73729ms] [LOG] [Fast Refresh] done in 187ms @ http://localhost:5437/_next/static/chunks/node_modules_next_dist_1e8vcs8._.js:776
[   73788ms] [LOG] [Fast Refresh] done in 187ms @ http://localhost:5437/_next/static/chunks/node_modules_next_dist_1e8vcs8._.js:776
[   73851ms] [LOG] [Fast Refresh] done in 187ms @ http://localhost:5437/_next/static/chunks/node_modules_next_dist_1e8vcs8._.js:776
[   73914ms] [LOG] [Fast Refresh] done in 187ms @ http://localhost:5437/_next/static/chunks/node_modules_next_dist_1e8vcs8._.js:776
[   73978ms] [LOG] [Fast Refresh] done in 187ms @ http://localhost:5437/_next/static/chunks/node_modules_next_dist_1e8vcs8._.js:776
[   74045ms] [LOG] [Fast Refresh] done in 187ms @ http://localhost:5437/_next/static/chunks/node_modules_next_dist_1e8vcs8._.js:776
[   74105ms] [LOG] [Fast Refresh] done in 187ms @ http://localhost:5437/_next/static/chunks/node_modules_next_dist_1e8vcs8._.js:776
[   74168ms] [LOG] [Fast Refresh] done in 187ms @ http://localhost:5437/_next/static/chunks/node_modules_next_dist_1e8vcs8._.js:776
[   74232ms] [LOG] [Fast Refresh] done in 187ms @ http://localhost:5437/_next/static/chunks/node_modules_next_dist_1e8vcs8._.js:776
[   74295ms] [LOG] [Fast Refresh] done in 187ms @ http://localhost:5437/_next/static/chunks/node_modules_next_dist_1e8vcs8._.js:776
[   74363ms] [LOG] [Fast Refresh] done in 187ms @ http://localhost:5437/_next/static/chunks/node_modules_next_dist_1e8vcs8._.js:776
[   74418ms] [LOG] [Fast Refresh] done in 187ms @ http://localhost:5437/_next/static/chunks/node_modules_next_dist_1e8vcs8._.js:776
[   74480ms] [LOG] [Fast Refresh] done in 187ms @ http://localhost:5437/_next/static/chunks/node_modules_next_dist_1e8vcs8._.js:776
[   74545ms] [LOG] [Fast Refresh] done in 187ms @ http://localhost:5437/_next/static/chunks/node_modules_next_dist_1e8vcs8._.js:776
[   74613ms] [LOG] [Fast Refresh] done in 187ms @ http://localhost:5437/_next/static/chunks/node_modules_next_dist_1e8vcs8._.js:776
[   74671ms] [LOG] [Fast Refresh] done in 187ms @ http://localhost:5437/_next/static/chunks/node_modules_next_dist_1e8vcs8._.js:776
[   74733ms] [LOG] [Fast Refresh] done in 187ms @ http://localhost:5437/_next/static/chunks/node_modules_next_dist_1e8vcs8._.js:776
[   74799ms] [LOG] [Fast Refresh] done in 187ms @ http://localhost:5437/_next/static/chunks/node_modules_next_dist_1e8vcs8._.js:776
[   74862ms] [LOG] [Fast Refresh] done in 187ms @ http://localhost:5437/_next/static/chunks/node_modules_next_dist_1e8vcs8._.js:776
[   74930ms] [LOG] [Fast Refresh] done in 187ms @ http://localhost:5437/_next/static/chunks/node_modules_next_dist_1e8vcs8._.js:776
[   74988ms] [LOG] [Fast Refresh] done in 187ms @ http://localhost:5437/_next/static/chunks/node_modules_next_dist_1e8vcs8._.js:776
[   75050ms] [LOG] [Fast Refresh] done in 187ms @ http://localhost:5437/_next/static/chunks/node_modules_next_dist_1e8vcs8._.js:776
[   75113ms] [LOG] [Fast Refresh] done in 187ms @ http://localhost:5437/_next/static/chunks/node_modules_next_dist_1e8vcs8._.js:776
[   75163ms] [LOG] [Fast Refresh] done in 187ms @ http://localhost:5437/_next/static/chunks/node_modules_next_dist_1e8vcs8._.js:776
[   75229ms] [LOG] [Fast Refresh] done in 187ms @ http://localhost:5437/_next/static/chunks/node_modules_next_dist_1e8vcs8._.js:776
[   75288ms] [LOG] [Fast Refresh] done in 187ms @ http://localhost:5437/_next/static/chunks/node_modules_next_dist_1e8vcs8._.js:776
[   75351ms] [LOG] [Fast Refresh] done in 187ms @ http://localhost:5437/_next/static/chunks/node_modules_next_dist_1e8vcs8._.js:776
[   75415ms] [LOG] [Fast Refresh] done in 187ms @ http://localhost:5437/_next/static/chunks/node_modules_next_dist_1e8vcs8._.js:776
[   75478ms] [LOG] [Fast Refresh] done in 187ms @ http://localhost:5437/_next/static/chunks/node_modules_next_dist_1e8vcs8._.js:776
[   75529ms] [LOG] [Fast Refresh] done in 187ms @ http://localhost:5437/_next/static/chunks/node_modules_next_dist_1e8vcs8._.js:776
[   75594ms] [LOG] [Fast Refresh] done in 187ms @ http://localhost:5437/_next/static/chunks/node_modules_next_dist_1e8vcs8._.js:776
[   75654ms] [LOG] [Fast Refresh] done in 187ms @ http://localhost:5437/_next/static/chunks/node_modules_next_dist_1e8vcs8._.js:776
[   75717ms] [LOG] [Fast Refresh] done in 187ms @ http://localhost:5437/_next/static/chunks/node_modules_next_dist_1e8vcs8._.js:776
[   75764ms] [LOG] [Fast Refresh] done in 187ms @ http://localhost:5437/_next/static/chunks/node_modules_next_dist_1e8vcs8._.js:776
[   75829ms] [LOG] [Fast Refresh] done in 187ms @ http://localhost:5437/_next/static/chunks/node_modules_next_dist_1e8vcs8._.js:776
[   75894ms] [LOG] [Fast Refresh] done in 187ms @ http://localhost:5437/_next/static/chunks/node_modules_next_dist_1e8vcs8._.js:776
[   75962ms] [LOG] [Fast Refresh] done in 187ms @ http://localhost:5437/_next/static/chunks/node_modules_next_dist_1e8vcs8._.js:776
[   76020ms] [LOG] [Fast Refresh] done in 187ms @ http://localhost:5437/_next/static/chunks/node_modules_next_dist_1e8vcs8._.js:776
[   76084ms] [LOG] [Fast Refresh] done in 187ms @ http://localhost:5437/_next/static/chunks/node_modules_next_dist_1e8vcs8._.js:776
[   76146ms] [LOG] [Fast Refresh] done in 187ms @ http://localhost:5437/_next/static/chunks/node_modules_next_dist_1e8vcs8._.js:776
[   76212ms] [LOG] [Fast Refresh] done in 187ms @ http://localhost:5437/_next/static/chunks/node_modules_next_dist_1e8vcs8._.js:776
[   76279ms] [LOG] [Fast Refresh] done in 187ms @ http://localhost:5437/_next/static/chunks/node_modules_next_dist_1e8vcs8._.js:776
[   76337ms] [LOG] [Fast Refresh] done in 187ms @ http://localhost:5437/_next/static/chunks/node_modules_next_dist_1e8vcs8._.js:776
[   76401ms] [LOG] [Fast Refresh] done in 187ms @ http://localhost:5437/_next/static/chunks/node_modules_next_dist_1e8vcs8._.js:776
[   76462ms] [LOG] [Fast Refresh] done in 187ms @ http://localhost:5437/_next/static/chunks/node_modules_next_dist_1e8vcs8._.js:776
[   76529ms] [LOG] [Fast Refresh] done in 187ms @ http://localhost:5437/_next/static/chunks/node_modules_next_dist_1e8vcs8._.js:776
[   76587ms] [LOG] [Fast Refresh] done in 187ms @ http://localhost:5437/_next/static/chunks/node_modules_next_dist_1e8vcs8._.js:776
[   76648ms] [LOG] [Fast Refresh] done in 187ms @ http://localhost:5437/_next/static/chunks/node_modules_next_dist_1e8vcs8._.js:776
[   76711ms] [LOG] [Fast Refresh] done in 187ms @ http://localhost:5437/_next/static/chunks/node_modules_next_dist_1e8vcs8._.js:776
[   76771ms] [LOG] [Fast Refresh] done in 187ms @ http://localhost:5437/_next/static/chunks/node_modules_next_dist_1e8vcs8._.js:776
[   76833ms] [LOG] [Fast Refresh] done in 187ms @ http://localhost:5437/_next/static/chunks/node_modules_next_dist_1e8vcs8._.js:776
[   76896ms] [LOG] [Fast Refresh] done in 187ms @ http://localhost:5437/_next/static/chunks/node_modules_next_dist_1e8vcs8._.js:776
[   76962ms] [LOG] [Fast Refresh] done in 187ms @ http://localhost:5437/_next/static/chunks/node_modules_next_dist_1e8vcs8._.js:776
[   77029ms] [LOG] [Fast Refresh] done in 187ms @ http://localhost:5437/_next/static/chunks/node_modules_next_dist_1e8vcs8._.js:776
[   77086ms] [LOG] [Fast Refresh] done in 187ms @ http://localhost:5437/_next/static/chunks/node_modules_next_dist_1e8vcs8._.js:776
[   77149ms] [LOG] [Fast Refresh] done in 187ms @ http://localhost:5437/_next/static/chunks/node_modules_next_dist_1e8vcs8._.js:776
[   77197ms] [LOG] [Fast Refresh] done in 187ms @ http://localhost:5437/_next/static/chunks/node_modules_next_dist_1e8vcs8._.js:776
[   77261ms] [LOG] [Fast Refresh] done in 187ms @ http://localhost:5437/_next/static/chunks/node_modules_next_dist_1e8vcs8._.js:776
[   77329ms] [LOG] [Fast Refresh] done in 187ms @ http://localhost:5437/_next/static/chunks/node_modules_next_dist_1e8vcs8._.js:776
[   77389ms] [LOG] [Fast Refresh] done in 187ms @ http://localhost:5437/_next/static/chunks/node_modules_next_dist_1e8vcs8._.js:776
[   77451ms] [LOG] [Fast Refresh] done in 187ms @ http://localhost:5437/_next/static/chunks/node_modules_next_dist_1e8vcs8._.js:776
[   77513ms] [LOG] [Fast Refresh] done in 187ms @ http://localhost:5437/_next/static/chunks/node_modules_next_dist_1e8vcs8._.js:776
[   77577ms] [LOG] [Fast Refresh] done in 187ms @ http://localhost:5437/_next/static/chunks/node_modules_next_dist_1e8vcs8._.js:776
[   77646ms] [LOG] [Fast Refresh] done in 187ms @ http://localhost:5437/_next/static/chunks/node_modules_next_dist_1e8vcs8._.js:776
[   77703ms] [LOG] [Fast Refresh] done in 187ms @ http://localhost:5437/_next/static/chunks/node_modules_next_dist_1e8vcs8._.js:776
[   77765ms] [LOG] [Fast Refresh] done in 187ms @ http://localhost:5437/_next/static/chunks/node_modules_next_dist_1e8vcs8._.js:776
[   77829ms] [LOG] [Fast Refresh] done in 187ms @ http://localhost:5437/_next/static/chunks/node_modules_next_dist_1e8vcs8._.js:776
[   77896ms] [LOG] [Fast Refresh] done in 187ms @ http://localhost:5437/_next/static/chunks/node_modules_next_dist_1e8vcs8._.js:776
[   77955ms] [LOG] [Fast Refresh] done in 187ms @ http://localhost:5437/_next/static/chunks/node_modules_next_dist_1e8vcs8._.js:776
[   78019ms] [LOG] [Fast Refresh] done in 187ms @ http://localhost:5437/_next/static/chunks/node_modules_next_dist_1e8vcs8._.js:776
[   78082ms] [LOG] [Fast Refresh] done in 187ms @ http://localhost:5437/_next/static/chunks/node_modules_next_dist_1e8vcs8._.js:776
[   78145ms] [LOG] [Fast Refresh] done in 187ms @ http://localhost:5437/_next/static/chunks/node_modules_next_dist_1e8vcs8._.js:776
[   78213ms] [LOG] [Fast Refresh] done in 187ms @ http://localhost:5437/_next/static/chunks/node_modules_next_dist_1e8vcs8._.js:776
[   78271ms] [LOG] [Fast Refresh] done in 187ms @ http://localhost:5437/_next/static/chunks/node_modules_next_dist_1e8vcs8._.js:776
[   78334ms] [LOG] [Fast Refresh] done in 187ms @ http://localhost:5437/_next/static/chunks/node_modules_next_dist_1e8vcs8._.js:776
[   78397ms] [LOG] [Fast Refresh] done in 187ms @ http://localhost:5437/_next/static/chunks/node_modules_next_dist_1e8vcs8._.js:776
[   78462ms] [LOG] [Fast Refresh] done in 187ms @ http://localhost:5437/_next/static/chunks/node_modules_next_dist_1e8vcs8._.js:776
[   78530ms] [LOG] [Fast Refresh] done in 187ms @ http://localhost:5437/_next/static/chunks/node_modules_next_dist_1e8vcs8._.js:776
[   78588ms] [LOG] [Fast Refresh] done in 187ms @ http://localhost:5437/_next/static/chunks/node_modules_next_dist_1e8vcs8._.js:776
[   78650ms] [LOG] [Fast Refresh] done in 187ms @ http://localhost:5437/_next/static/chunks/node_modules_next_dist_1e8vcs8._.js:776
[   78714ms] [LOG] [Fast Refresh] done in 187ms @ http://localhost:5437/_next/static/chunks/node_modules_next_dist_1e8vcs8._.js:776
[   78779ms] [LOG] [Fast Refresh] done in 187ms @ http://localhost:5437/_next/static/chunks/node_modules_next_dist_1e8vcs8._.js:776
[   78847ms] [LOG] [Fast Refresh] done in 187ms @ http://localhost:5437/_next/static/chunks/node_modules_next_dist_1e8vcs8._.js:776
[   78903ms] [LOG] [Fast Refresh] done in 187ms @ http://localhost:5437/_next/static/chunks/node_modules_next_dist_1e8vcs8._.js:776
[   78966ms] [LOG] [Fast Refresh] done in 187ms @ http://localhost:5437/_next/static/chunks/node_modules_next_dist_1e8vcs8._.js:776
[   79029ms] [LOG] [Fast Refresh] done in 187ms @ http://localhost:5437/_next/static/chunks/node_modules_next_dist_1e8vcs8._.js:776
[   79096ms] [LOG] [Fast Refresh] done in 187ms @ http://localhost:5437/_next/static/chunks/node_modules_next_dist_1e8vcs8._.js:776
[   79154ms] [LOG] [Fast Refresh] done in 187ms @ http://localhost:5437/_next/static/chunks/node_modules_next_dist_1e8vcs8._.js:776
[   79217ms] [LOG] [Fast Refresh] done in 187ms @ http://localhost:5437/_next/static/chunks/node_modules_next_dist_1e8vcs8._.js:776
[   79281ms] [LOG] [Fast Refresh] done in 187ms @ http://localhost:5437/_next/static/chunks/node_modules_next_dist_1e8vcs8._.js:776
[   79346ms] [LOG] [Fast Refresh] done in 187ms @ http://localhost:5437/_next/static/chunks/node_modules_next_dist_1e8vcs8._.js:776
[   79413ms] [LOG] [Fast Refresh] done in 187ms @ http://localhost:5437/_next/static/chunks/node_modules_next_dist_1e8vcs8._.js:776
[   79470ms] [LOG] [Fast Refresh] done in 187ms @ http://localhost:5437/_next/static/chunks/node_modules_next_dist_1e8vcs8._.js:776
[   79533ms] [LOG] [Fast Refresh] done in 187ms @ http://localhost:5437/_next/static/chunks/node_modules_next_dist_1e8vcs8._.js:776
[   79596ms] [LOG] [Fast Refresh] done in 187ms @ http://localhost:5437/_next/static/chunks/node_modules_next_dist_1e8vcs8._.js:776
[   79662ms] [LOG] [Fast Refresh] done in 187ms @ http://localhost:5437/_next/static/chunks/node_modules_next_dist_1e8vcs8._.js:776
[   79729ms] [LOG] [Fast Refresh] done in 187ms @ http://localhost:5437/_next/static/chunks/node_modules_next_dist_1e8vcs8._.js:776
[   79784ms] [LOG] [Fast Refresh] done in 187ms @ http://localhost:5437/_next/static/chunks/node_modules_next_dist_1e8vcs8._.js:776
[   79848ms] [LOG] [Fast Refresh] done in 187ms @ http://localhost:5437/_next/static/chunks/node_modules_next_dist_1e8vcs8._.js:776
[   79896ms] [LOG] [Fast Refresh] done in 187ms @ http://localhost:5437/_next/static/chunks/node_modules_next_dist_1e8vcs8._.js:776
[   79962ms] [LOG] [Fast Refresh] done in 187ms @ http://localhost:5437/_next/static/chunks/node_modules_next_dist_1e8vcs8._.js:776
[   80027ms] [LOG] [Fast Refresh] done in 187ms @ http://localhost:5437/_next/static/chunks/node_modules_next_dist_1e8vcs8._.js:776
[   80087ms] [LOG] [Fast Refresh] done in 187ms @ http://localhost:5437/_next/static/chunks/node_modules_next_dist_1e8vcs8._.js:776
[   80150ms] [LOG] [Fast Refresh] done in 187ms @ http://localhost:5437/_next/static/chunks/node_modules_next_dist_1e8vcs8._.js:776
[   80214ms] [LOG] [Fast Refresh] done in 187ms @ http://localhost:5437/_next/static/chunks/node_modules_next_dist_1e8vcs8._.js:776
[   80279ms] [LOG] [Fast Refresh] done in 187ms @ http://localhost:5437/_next/static/chunks/node_modules_next_dist_1e8vcs8._.js:776
[   80339ms] [LOG] [Fast Refresh] done in 187ms @ http://localhost:5437/_next/static/chunks/node_modules_next_dist_1e8vcs8._.js:776
[   80403ms] [LOG] [Fast Refresh] done in 187ms @ http://localhost:5437/_next/static/chunks/node_modules_next_dist_1e8vcs8._.js:776
[   80465ms] [LOG] [Fast Refresh] done in 187ms @ http://localhost:5437/_next/static/chunks/node_modules_next_dist_1e8vcs8._.js:776
[   80529ms] [LOG] [Fast Refresh] done in 187ms @ http://localhost:5437/_next/static/chunks/node_modules_next_dist_1e8vcs8._.js:776
[   80596ms] [LOG] [Fast Refresh] done in 187ms @ http://localhost:5437/_next/static/chunks/node_modules_next_dist_1e8vcs8._.js:776
[   80651ms] [LOG] [Fast Refresh] done in 187ms @ http://localhost:5437/_next/static/chunks/node_modules_next_dist_1e8vcs8._.js:776
[   80714ms] [LOG] [Fast Refresh] done in 187ms @ http://localhost:5437/_next/static/chunks/node_modules_next_dist_1e8vcs8._.js:776
[   80779ms] [LOG] [Fast Refresh] done in 187ms @ http://localhost:5437/_next/static/chunks/node_modules_next_dist_1e8vcs8._.js:776
[   80839ms] [LOG] [Fast Refresh] done in 187ms @ http://localhost:5437/_next/static/chunks/node_modules_next_dist_1e8vcs8._.js:776
[   80903ms] [LOG] [Fast Refresh] done in 187ms @ http://localhost:5437/_next/static/chunks/node_modules_next_dist_1e8vcs8._.js:776
[   80965ms] [LOG] [Fast Refresh] done in 187ms @ http://localhost:5437/_next/static/chunks/node_modules_next_dist_1e8vcs8._.js:776
[   81029ms] [LOG] [Fast Refresh] done in 187ms @ http://localhost:5437/_next/static/chunks/node_modules_next_dist_1e8vcs8._.js:776
[   81096ms] [LOG] [Fast Refresh] done in 187ms @ http://localhost:5437/_next/static/chunks/node_modules_next_dist_1e8vcs8._.js:776
[   81157ms] [LOG] [Fast Refresh] done in 187ms @ http://localhost:5437/_next/static/chunks/node_modules_next_dist_1e8vcs8._.js:776
[   81217ms] [LOG] [Fast Refresh] done in 187ms @ http://localhost:5437/_next/static/chunks/node_modules_next_dist_1e8vcs8._.js:776
[   81280ms] [LOG] [Fast Refresh] done in 187ms @ http://localhost:5437/_next/static/chunks/node_modules_next_dist_1e8vcs8._.js:776
[   81345ms] [LOG] [Fast Refresh] done in 187ms @ http://localhost:5437/_next/static/chunks/node_modules_next_dist_1e8vcs8._.js:776
[   81404ms] [LOG] [Fast Refresh] done in 187ms @ http://localhost:5437/_next/static/chunks/node_modules_next_dist_1e8vcs8._.js:776
[   81452ms] [LOG] [Fast Refresh] done in 187ms @ http://localhost:5437/_next/static/chunks/node_modules_next_dist_1e8vcs8._.js:776
[   81517ms] [LOG] [Fast Refresh] done in 187ms @ http://localhost:5437/_next/static/chunks/node_modules_next_dist_1e8vcs8._.js:776
[   81578ms] [LOG] [Fast Refresh] done in 187ms @ http://localhost:5437/_next/static/chunks/node_modules_next_dist_1e8vcs8._.js:776
[   81629ms] [LOG] [Fast Refresh] done in 187ms @ http://localhost:5437/_next/static/chunks/node_modules_next_dist_1e8vcs8._.js:776
[   81688ms] [LOG] [Fast Refresh] done in 187ms @ http://localhost:5437/_next/static/chunks/node_modules_next_dist_1e8vcs8._.js:776
[   81736ms] [LOG] [Fast Refresh] done in 187ms @ http://localhost:5437/_next/static/chunks/node_modules_next_dist_1e8vcs8._.js:776
[   81782ms] [LOG] [Fast Refresh] done in 187ms @ http://localhost:5437/_next/static/chunks/node_modules_next_dist_1e8vcs8._.js:776
[   81845ms] [LOG] [Fast Refresh] done in 187ms @ http://localhost:5437/_next/static/chunks/node_modules_next_dist_1e8vcs8._.js:776
[   81895ms] [LOG] [Fast Refresh] done in 187ms @ http://localhost:5437/_next/static/chunks/node_modules_next_dist_1e8vcs8._.js:776
[   81945ms] [LOG] [Fast Refresh] done in 187ms @ http://localhost:5437/_next/static/chunks/node_modules_next_dist_1e8vcs8._.js:776
[   82005ms] [LOG] [Fast Refresh] done in 187ms @ http://localhost:5437/_next/static/chunks/node_modules_next_dist_1e8vcs8._.js:776
[   82068ms] [LOG] [Fast Refresh] done in 187ms @ http://localhost:5437/_next/static/chunks/node_modules_next_dist_1e8vcs8._.js:776
[   82131ms] [LOG] [Fast Refresh] done in 187ms @ http://localhost:5437/_next/static/chunks/node_modules_next_dist_1e8vcs8._.js:776
[   82196ms] [LOG] [Fast Refresh] done in 187ms @ http://localhost:5437/_next/static/chunks/node_modules_next_dist_1e8vcs8._.js:776
[   82263ms] [LOG] [Fast Refresh] done in 187ms @ http://localhost:5437/_next/static/chunks/node_modules_next_dist_1e8vcs8._.js:776
[   82321ms] [LOG] [Fast Refresh] done in 187ms @ http://localhost:5437/_next/static/chunks/node_modules_next_dist_1e8vcs8._.js:776
[   82383ms] [LOG] [Fast Refresh] done in 187ms @ http://localhost:5437/_next/static/chunks/node_modules_next_dist_1e8vcs8._.js:776
[   82447ms] [LOG] [Fast Refresh] done in 187ms @ http://localhost:5437/_next/static/chunks/node_modules_next_dist_1e8vcs8._.js:776
[   82512ms] [LOG] [Fast Refresh] done in 187ms @ http://localhost:5437/_next/static/chunks/node_modules_next_dist_1e8vcs8._.js:776
[   82571ms] [LOG] [Fast Refresh] done in 187ms @ http://localhost:5437/_next/static/chunks/node_modules_next_dist_1e8vcs8._.js:776
[   82634ms] [LOG] [Fast Refresh] done in 187ms @ http://localhost:5437/_next/static/chunks/node_modules_next_dist_1e8vcs8._.js:776
[   82697ms] [LOG] [Fast Refresh] done in 187ms @ http://localhost:5437/_next/static/chunks/node_modules_next_dist_1e8vcs8._.js:776
[   82761ms] [LOG] [Fast Refresh] done in 187ms @ http://localhost:5437/_next/static/chunks/node_modules_next_dist_1e8vcs8._.js:776
[   82828ms] [LOG] [Fast Refresh] done in 187ms @ http://localhost:5437/_next/static/chunks/node_modules_next_dist_1e8vcs8._.js:776
[   82886ms] [LOG] [Fast Refresh] done in 187ms @ http://localhost:5437/_next/static/chunks/node_modules_next_dist_1e8vcs8._.js:776
[   82948ms] [LOG] [Fast Refresh] done in 187ms @ http://localhost:5437/_next/static/chunks/node_modules_next_dist_1e8vcs8._.js:776
[   83011ms] [LOG] [Fast Refresh] done in 187ms @ http://localhost:5437/_next/static/chunks/node_modules_next_dist_1e8vcs8._.js:776
[   83078ms] [LOG] [Fast Refresh] done in 187ms @ http://localhost:5437/_next/static/chunks/node_modules_next_dist_1e8vcs8._.js:776
[   83135ms] [LOG] [Fast Refresh] done in 187ms @ http://localhost:5437/_next/static/chunks/node_modules_next_dist_1e8vcs8._.js:776
[   83196ms] [LOG] [Fast Refresh] done in 187ms @ http://localhost:5437/_next/static/chunks/node_modules_next_dist_1e8vcs8._.js:776
[   83261ms] [LOG] [Fast Refresh] done in 187ms @ http://localhost:5437/_next/static/chunks/node_modules_next_dist_1e8vcs8._.js:776
[   83321ms] [LOG] [Fast Refresh] done in 187ms @ http://localhost:5437/_next/static/chunks/node_modules_next_dist_1e8vcs8._.js:776
[   83383ms] [LOG] [Fast Refresh] done in 187ms @ http://localhost:5437/_next/static/chunks/node_modules_next_dist_1e8vcs8._.js:776
[   83446ms] [LOG] [Fast Refresh] done in 187ms @ http://localhost:5437/_next/static/chunks/node_modules_next_dist_1e8vcs8._.js:776
[   83511ms] [LOG] [Fast Refresh] done in 187ms @ http://localhost:5437/_next/static/chunks/node_modules_next_dist_1e8vcs8._.js:776
[   83572ms] [LOG] [Fast Refresh] done in 187ms @ http://localhost:5437/_next/static/chunks/node_modules_next_dist_1e8vcs8._.js:776
[   83634ms] [LOG] [Fast Refresh] done in 187ms @ http://localhost:5437/_next/static/chunks/node_modules_next_dist_1e8vcs8._.js:776
[   83698ms] [LOG] [Fast Refresh] done in 187ms @ http://localhost:5437/_next/static/chunks/node_modules_next_dist_1e8vcs8._.js:776
[   83761ms] [LOG] [Fast Refresh] done in 187ms @ http://localhost:5437/_next/static/chunks/node_modules_next_dist_1e8vcs8._.js:776
[   83828ms] [LOG] [Fast Refresh] done in 187ms @ http://localhost:5437/_next/static/chunks/node_modules_next_dist_1e8vcs8._.js:776
[   83886ms] [LOG] [Fast Refresh] done in 187ms @ http://localhost:5437/_next/static/chunks/node_modules_next_dist_1e8vcs8._.js:776
[   83949ms] [LOG] [Fast Refresh] done in 187ms @ http://localhost:5437/_next/static/chunks/node_modules_next_dist_1e8vcs8._.js:776
[   84011ms] [LOG] [Fast Refresh] done in 187ms @ http://localhost:5437/_next/static/chunks/node_modules_next_dist_1e8vcs8._.js:776
[   84078ms] [LOG] [Fast Refresh] done in 187ms @ http://localhost:5437/_next/static/chunks/node_modules_next_dist_1e8vcs8._.js:776
[   84135ms] [LOG] [Fast Refresh] done in 187ms @ http://localhost:5437/_next/static/chunks/node_modules_next_dist_1e8vcs8._.js:776
[   84197ms] [LOG] [Fast Refresh] done in 187ms @ http://localhost:5437/_next/static/chunks/node_modules_next_dist_1e8vcs8._.js:776
[   84261ms] [LOG] [Fast Refresh] done in 187ms @ http://localhost:5437/_next/static/chunks/node_modules_next_dist_1e8vcs8._.js:776
[   84321ms] [LOG] [Fast Refresh] done in 187ms @ http://localhost:5437/_next/static/chunks/node_modules_next_dist_1e8vcs8._.js:776
[   84382ms] [LOG] [Fast Refresh] done in 187ms @ http://localhost:5437/_next/static/chunks/node_modules_next_dist_1e8vcs8._.js:776
[   84446ms] [LOG] [Fast Refresh] done in 187ms @ http://localhost:5437/_next/static/chunks/node_modules_next_dist_1e8vcs8._.js:776
[   84511ms] [LOG] [Fast Refresh] done in 187ms @ http://localhost:5437/_next/static/chunks/node_modules_next_dist_1e8vcs8._.js:776
[   84572ms] [LOG] [Fast Refresh] done in 187ms @ http://localhost:5437/_next/static/chunks/node_modules_next_dist_1e8vcs8._.js:776
[   84635ms] [LOG] [Fast Refresh] done in 187ms @ http://localhost:5437/_next/static/chunks/node_modules_next_dist_1e8vcs8._.js:776
[   84696ms] [LOG] [Fast Refresh] done in 187ms @ http://localhost:5437/_next/static/chunks/node_modules_next_dist_1e8vcs8._.js:776
[   84762ms] [LOG] [Fast Refresh] done in 187ms @ http://localhost:5437/_next/static/chunks/node_modules_next_dist_1e8vcs8._.js:776
[   84822ms] [LOG] [Fast Refresh] done in 187ms @ http://localhost:5437/_next/static/chunks/node_modules_next_dist_1e8vcs8._.js:776
[   84869ms] [LOG] [Fast Refresh] done in 187ms @ http://localhost:5437/_next/static/chunks/node_modules_next_dist_1e8vcs8._.js:776
[   84931ms] [LOG] [Fast Refresh] done in 187ms @ http://localhost:5437/_next/static/chunks/node_modules_next_dist_1e8vcs8._.js:776
[   84994ms] [LOG] [Fast Refresh] done in 187ms @ http://localhost:5437/_next/static/chunks/node_modules_next_dist_1e8vcs8._.js:776
[   85062ms] [LOG] [Fast Refresh] done in 187ms @ http://localhost:5437/_next/static/chunks/node_modules_next_dist_1e8vcs8._.js:776
[   85120ms] [LOG] [Fast Refresh] done in 187ms @ http://localhost:5437/_next/static/chunks/node_modules_next_dist_1e8vcs8._.js:776
[   85181ms] [LOG] [Fast Refresh] done in 187ms @ http://localhost:5437/_next/static/chunks/node_modules_next_dist_1e8vcs8._.js:776
[   85244ms] [LOG] [Fast Refresh] done in 187ms @ http://localhost:5437/_next/static/chunks/node_modules_next_dist_1e8vcs8._.js:776
[   85310ms] [LOG] [Fast Refresh] done in 187ms @ http://localhost:5437/_next/static/chunks/node_modules_next_dist_1e8vcs8._.js:776
[   85369ms] [LOG] [Fast Refresh] done in 187ms @ http://localhost:5437/_next/static/chunks/node_modules_next_dist_1e8vcs8._.js:776
[   85431ms] [LOG] [Fast Refresh] done in 187ms @ http://localhost:5437/_next/static/chunks/node_modules_next_dist_1e8vcs8._.js:776
[   85494ms] [LOG] [Fast Refresh] done in 187ms @ http://localhost:5437/_next/static/chunks/node_modules_next_dist_1e8vcs8._.js:776
[   85554ms] [LOG] [Fast Refresh] done in 187ms @ http://localhost:5437/_next/static/chunks/node_modules_next_dist_1e8vcs8._.js:776
[   85617ms] [LOG] [Fast Refresh] done in 187ms @ http://localhost:5437/_next/static/chunks/node_modules_next_dist_1e8vcs8._.js:776
[   85679ms] [LOG] [Fast Refresh] done in 187ms @ http://localhost:5437/_next/static/chunks/node_modules_next_dist_1e8vcs8._.js:776
[   85744ms] [LOG] [Fast Refresh] done in 187ms @ http://localhost:5437/_next/static/chunks/node_modules_next_dist_1e8vcs8._.js:776
[   85804ms] [LOG] [Fast Refresh] done in 187ms @ http://localhost:5437/_next/static/chunks/node_modules_next_dist_1e8vcs8._.js:776
[   85867ms] [LOG] [Fast Refresh] done in 187ms @ http://localhost:5437/_next/static/chunks/node_modules_next_dist_1e8vcs8._.js:776
[   85929ms] [LOG] [Fast Refresh] done in 187ms @ http://localhost:5437/_next/static/chunks/node_modules_next_dist_1e8vcs8._.js:776
[   85994ms] [LOG] [Fast Refresh] done in 187ms @ http://localhost:5437/_next/static/chunks/node_modules_next_dist_1e8vcs8._.js:776
[   86054ms] [LOG] [Fast Refresh] done in 187ms @ http://localhost:5437/_next/static/chunks/node_modules_next_dist_1e8vcs8._.js:776
[   86116ms] [LOG] [Fast Refresh] done in 187ms @ http://localhost:5437/_next/static/chunks/node_modules_next_dist_1e8vcs8._.js:776
[   86180ms] [LOG] [Fast Refresh] done in 187ms @ http://localhost:5437/_next/static/chunks/node_modules_next_dist_1e8vcs8._.js:776
[   86244ms] [LOG] [Fast Refresh] done in 187ms @ http://localhost:5437/_next/static/chunks/node_modules_next_dist_1e8vcs8._.js:776
[   86306ms] [LOG] [Fast Refresh] done in 187ms @ http://localhost:5437/_next/static/chunks/node_modules_next_dist_1e8vcs8._.js:776
[   86368ms] [LOG] [Fast Refresh] done in 187ms @ http://localhost:5437/_next/static/chunks/node_modules_next_dist_1e8vcs8._.js:776
[   86431ms] [LOG] [Fast Refresh] done in 187ms @ http://localhost:5437/_next/static/chunks/node_modules_next_dist_1e8vcs8._.js:776
[   86495ms] [LOG] [Fast Refresh] done in 187ms @ http://localhost:5437/_next/static/chunks/node_modules_next_dist_1e8vcs8._.js:776
[   86560ms] [LOG] [Fast Refresh] done in 187ms @ http://localhost:5437/_next/static/chunks/node_modules_next_dist_1e8vcs8._.js:776
[   86619ms] [LOG] [Fast Refresh] done in 187ms @ http://localhost:5437/_next/static/chunks/node_modules_next_dist_1e8vcs8._.js:776
[   86681ms] [LOG] [Fast Refresh] done in 187ms @ http://localhost:5437/_next/static/chunks/node_modules_next_dist_1e8vcs8._.js:776
[   86744ms] [LOG] [Fast Refresh] done in 187ms @ http://localhost:5437/_next/static/chunks/node_modules_next_dist_1e8vcs8._.js:776
[   86811ms] [LOG] [Fast Refresh] done in 187ms @ http://localhost:5437/_next/static/chunks/node_modules_next_dist_1e8vcs8._.js:776
[   86869ms] [LOG] [Fast Refresh] done in 187ms @ http://localhost:5437/_next/static/chunks/node_modules_next_dist_1e8vcs8._.js:776
[   86932ms] [LOG] [Fast Refresh] done in 187ms @ http://localhost:5437/_next/static/chunks/node_modules_next_dist_1e8vcs8._.js:776
[   86980ms] [LOG] [Fast Refresh] done in 187ms @ http://localhost:5437/_next/static/chunks/node_modules_next_dist_1e8vcs8._.js:776
[   87044ms] [LOG] [Fast Refresh] done in 187ms @ http://localhost:5437/_next/static/chunks/node_modules_next_dist_1e8vcs8._.js:776
[   87111ms] [LOG] [Fast Refresh] done in 187ms @ http://localhost:5437/_next/static/chunks/node_modules_next_dist_1e8vcs8._.js:776
[   87171ms] [LOG] [Fast Refresh] done in 187ms @ http://localhost:5437/_next/static/chunks/node_modules_next_dist_1e8vcs8._.js:776
[   87234ms] [LOG] [Fast Refresh] done in 187ms @ http://localhost:5437/_next/static/chunks/node_modules_next_dist_1e8vcs8._.js:776
[   87296ms] [LOG] [Fast Refresh] done in 187ms @ http://localhost:5437/_next/static/chunks/node_modules_next_dist_1e8vcs8._.js:776
[   87361ms] [LOG] [Fast Refresh] done in 187ms @ http://localhost:5437/_next/static/chunks/node_modules_next_dist_1e8vcs8._.js:776
[   87422ms] [LOG] [Fast Refresh] done in 187ms @ http://localhost:5437/_next/static/chunks/node_modules_next_dist_1e8vcs8._.js:776
[   87483ms] [LOG] [Fast Refresh] done in 187ms @ http://localhost:5437/_next/static/chunks/node_modules_next_dist_1e8vcs8._.js:776
[   87545ms] [LOG] [Fast Refresh] done in 187ms @ http://localhost:5437/_next/static/chunks/node_modules_next_dist_1e8vcs8._.js:776
[   87611ms] [LOG] [Fast Refresh] done in 187ms @ http://localhost:5437/_next/static/chunks/node_modules_next_dist_1e8vcs8._.js:776
[   87671ms] [LOG] [Fast Refresh] done in 187ms @ http://localhost:5437/_next/static/chunks/node_modules_next_dist_1e8vcs8._.js:776
[   87733ms] [LOG] [Fast Refresh] done in 187ms @ http://localhost:5437/_next/static/chunks/node_modules_next_dist_1e8vcs8._.js:776
[   87796ms] [LOG] [Fast Refresh] done in 187ms @ http://localhost:5437/_next/static/chunks/node_modules_next_dist_1e8vcs8._.js:776
[   87861ms] [LOG] [Fast Refresh] done in 187ms @ http://localhost:5437/_next/static/chunks/node_modules_next_dist_1e8vcs8._.js:776
[   87921ms] [LOG] [Fast Refresh] done in 187ms @ http://localhost:5437/_next/static/chunks/node_modules_next_dist_1e8vcs8._.js:776
[   87983ms] [LOG] [Fast Refresh] done in 187ms @ http://localhost:5437/_next/static/chunks/node_modules_next_dist_1e8vcs8._.js:776
[   88046ms] [LOG] [Fast Refresh] done in 187ms @ http://localhost:5437/_next/static/chunks/node_modules_next_dist_1e8vcs8._.js:776
[   88111ms] [LOG] [Fast Refresh] done in 187ms @ http://localhost:5437/_next/static/chunks/node_modules_next_dist_1e8vcs8._.js:776
[   88172ms] [LOG] [Fast Refresh] done in 187ms @ http://localhost:5437/_next/static/chunks/node_modules_next_dist_1e8vcs8._.js:776
[   88235ms] [LOG] [Fast Refresh] done in 187ms @ http://localhost:5437/_next/static/chunks/node_modules_next_dist_1e8vcs8._.js:776
[   88298ms] [LOG] [Fast Refresh] done in 187ms @ http://localhost:5437/_next/static/chunks/node_modules_next_dist_1e8vcs8._.js:776
[   88361ms] [LOG] [Fast Refresh] done in 187ms @ http://localhost:5437/_next/static/chunks/node_modules_next_dist_1e8vcs8._.js:776
[   88429ms] [LOG] [Fast Refresh] done in 187ms @ http://localhost:5437/_next/static/chunks/node_modules_next_dist_1e8vcs8._.js:776
[   88487ms] [LOG] [Fast Refresh] done in 187ms @ http://localhost:5437/_next/static/chunks/node_modules_next_dist_1e8vcs8._.js:776
[   88549ms] [LOG] [Fast Refresh] done in 187ms @ http://localhost:5437/_next/static/chunks/node_modules_next_dist_1e8vcs8._.js:776
[   88611ms] [LOG] [Fast Refresh] done in 187ms @ http://localhost:5437/_next/static/chunks/node_modules_next_dist_1e8vcs8._.js:776
[   88678ms] [LOG] [Fast Refresh] done in 187ms @ http://localhost:5437/_next/static/chunks/node_modules_next_dist_1e8vcs8._.js:776
[   88737ms] [LOG] [Fast Refresh] done in 187ms @ http://localhost:5437/_next/static/chunks/node_modules_next_dist_1e8vcs8._.js:776
[   88799ms] [LOG] [Fast Refresh] done in 187ms @ http://localhost:5437/_next/static/chunks/node_modules_next_dist_1e8vcs8._.js:776
[   88864ms] [LOG] [Fast Refresh] done in 187ms @ http://localhost:5437/_next/static/chunks/node_modules_next_dist_1e8vcs8._.js:776
[   88929ms] [LOG] [Fast Refresh] done in 187ms @ http://localhost:5437/_next/static/chunks/node_modules_next_dist_1e8vcs8._.js:776
[   88989ms] [LOG] [Fast Refresh] done in 187ms @ http://localhost:5437/_next/static/chunks/node_modules_next_dist_1e8vcs8._.js:776
[   89053ms] [LOG] [Fast Refresh] done in 187ms @ http://localhost:5437/_next/static/chunks/node_modules_next_dist_1e8vcs8._.js:776
[   89114ms] [LOG] [Fast Refresh] done in 187ms @ http://localhost:5437/_next/static/chunks/node_modules_next_dist_1e8vcs8._.js:776
[   89178ms] [LOG] [Fast Refresh] done in 187ms @ http://localhost:5437/_next/static/chunks/node_modules_next_dist_1e8vcs8._.js:776
[   89244ms] [LOG] [Fast Refresh] done in 187ms @ http://localhost:5437/_next/static/chunks/node_modules_next_dist_1e8vcs8._.js:776
[   89305ms] [LOG] [Fast Refresh] done in 187ms @ http://localhost:5437/_next/static/chunks/node_modules_next_dist_1e8vcs8._.js:776
[   89364ms] [LOG] [Fast Refresh] done in 187ms @ http://localhost:5437/_next/static/chunks/node_modules_next_dist_1e8vcs8._.js:776
[   89428ms] [LOG] [Fast Refresh] done in 187ms @ http://localhost:5437/_next/static/chunks/node_modules_next_dist_1e8vcs8._.js:776
[   89494ms] [LOG] [Fast Refresh] done in 187ms @ http://localhost:5437/_next/static/chunks/node_modules_next_dist_1e8vcs8._.js:776
[   89552ms] [LOG] [Fast Refresh] done in 187ms @ http://localhost:5437/_next/static/chunks/node_modules_next_dist_1e8vcs8._.js:776
[   89614ms] [LOG] [Fast Refresh] done in 187ms @ http://localhost:5437/_next/static/chunks/node_modules_next_dist_1e8vcs8._.js:776
[   89677ms] [LOG] [Fast Refresh] done in 187ms @ http://localhost:5437/_next/static/chunks/node_modules_next_dist_1e8vcs8._.js:776
[   89737ms] [LOG] [Fast Refresh] done in 187ms @ http://localhost:5437/_next/static/chunks/node_modules_next_dist_1e8vcs8._.js:776
[   89799ms] [LOG] [Fast Refresh] done in 187ms @ http://localhost:5437/_next/static/chunks/node_modules_next_dist_1e8vcs8._.js:776
[   89861ms] [LOG] [Fast Refresh] done in 187ms @ http://localhost:5437/_next/static/chunks/node_modules_next_dist_1e8vcs8._.js:776
[   89928ms] [LOG] [Fast Refresh] done in 187ms @ http://localhost:5437/_next/static/chunks/node_modules_next_dist_1e8vcs8._.js:776
[   89986ms] [LOG] [Fast Refresh] done in 187ms @ http://localhost:5437/_next/static/chunks/node_modules_next_dist_1e8vcs8._.js:776
[   90047ms] [LOG] [Fast Refresh] done in 187ms @ http://localhost:5437/_next/static/chunks/node_modules_next_dist_1e8vcs8._.js:776
[   90111ms] [LOG] [Fast Refresh] done in 187ms @ http://localhost:5437/_next/static/chunks/node_modules_next_dist_1e8vcs8._.js:776
[   90172ms] [LOG] [Fast Refresh] done in 187ms @ http://localhost:5437/_next/static/chunks/node_modules_next_dist_1e8vcs8._.js:776
[   90234ms] [LOG] [Fast Refresh] done in 187ms @ http://localhost:5437/_next/static/chunks/node_modules_next_dist_1e8vcs8._.js:776
[   90296ms] [LOG] [Fast Refresh] done in 187ms @ http://localhost:5437/_next/static/chunks/node_modules_next_dist_1e8vcs8._.js:776
[   90361ms] [LOG] [Fast Refresh] done in 187ms @ http://localhost:5437/_next/static/chunks/node_modules_next_dist_1e8vcs8._.js:776
[   90421ms] [LOG] [Fast Refresh] done in 187ms @ http://localhost:5437/_next/static/chunks/node_modules_next_dist_1e8vcs8._.js:776
[   90483ms] [LOG] [Fast Refresh] done in 187ms @ http://localhost:5437/_next/static/chunks/node_modules_next_dist_1e8vcs8._.js:776
[   90547ms] [LOG] [Fast Refresh] done in 187ms @ http://localhost:5437/_next/static/chunks/node_modules_next_dist_1e8vcs8._.js:776
[   90611ms] [LOG] [Fast Refresh] done in 187ms @ http://localhost:5437/_next/static/chunks/node_modules_next_dist_1e8vcs8._.js:776
[   90671ms] [LOG] [Fast Refresh] done in 187ms @ http://localhost:5437/_next/static/chunks/node_modules_next_dist_1e8vcs8._.js:776
[   90734ms] [LOG] [Fast Refresh] done in 187ms @ http://localhost:5437/_next/static/chunks/node_modules_next_dist_1e8vcs8._.js:776
[   90797ms] [LOG] [Fast Refresh] done in 187ms @ http://localhost:5437/_next/static/chunks/node_modules_next_dist_1e8vcs8._.js:776
[   90862ms] [LOG] [Fast Refresh] done in 187ms @ http://localhost:5437/_next/static/chunks/node_modules_next_dist_1e8vcs8._.js:776
[   90928ms] [LOG] [Fast Refresh] done in 187ms @ http://localhost:5437/_next/static/chunks/node_modules_next_dist_1e8vcs8._.js:776
[   90985ms] [LOG] [Fast Refresh] done in 187ms @ http://localhost:5437/_next/static/chunks/node_modules_next_dist_1e8vcs8._.js:776
[   91048ms] [LOG] [Fast Refresh] done in 187ms @ http://localhost:5437/_next/static/chunks/node_modules_next_dist_1e8vcs8._.js:776
[   91111ms] [LOG] [Fast Refresh] done in 187ms @ http://localhost:5437/_next/static/chunks/node_modules_next_dist_1e8vcs8._.js:776
[   91180ms] [LOG] [Fast Refresh] done in 187ms @ http://localhost:5437/_next/static/chunks/node_modules_next_dist_1e8vcs8._.js:776
